25                                
14 J-N D-N B-D T-N V-D Y-B K-T H-K P-J U-B Z-P W-B L-V E-W
13 R-F O-R Z-R U-R C-U G-R L-C J-C P-O Y-R D-O K-L U-L
8 Z-T U-T K-U P-U G-Z W-G B-G G-Z
20 L-V P-V K-P C-K E-L N-V Q-L H-V X-P J-C U-V M-C D-K B-E A-H R-J O-D W-K I-J A-H
13 Q-W H-W I-H N-I B-I J-N D-N G-I U-I Y-W P-N E-H V-Y
17 T-V B-T N-T S-T H-T Y-V Q-Y P-T A-S D-H F-D C-Q O-C G-H M-P U-A K-O
13 B-Z H-B W-B P-H C-Z I-B M-W R-P X-H O-I K-O D-M L-P
9 P-F G-P A-G C-G E-G Y-F M-F L-M R-F
20 D-N R-N A-D U-D L-R H-A Y-D I-H S-Y X-N G-S B-H J-I W-Y V-N E-N P-J Q-L T-Y C-G
15 V-M P-M J-P H-M T-V D-M E-H C-M X-T A-J G-J Z-H K-H U-Z U-G
13 K-Z T-K X-T C-T L-X E-K W-E A-T F-C H-A B-H S-A F-A
23 Y-B V-B J-V Z-J O-V W-Z X-V K-V I-Z C-W F-B L-Z M-I T-V S-I G-F E-X D-K A-J Q-Y R-A U-X T-A
19 E-N W-E P-N B-N I-N J-B Z-W Y-E R-I O-R S-O F-R K-J C-F V-Z L-K M-S X-F T-V
17 R-N V-N L-N P-V U-R J-N X-J A-L F-L B-X Q-N O-L Z-X K-L W-O Y-V Y-Q
11 F-X N-X K-N O-F L-F W-N A-L C-K V-O R-N T-V
18 M-Y F-M G-F E-F H-Y I-M U-F N-E V-M A-E X-M O-H D-A T-G L-M K-U Z-H Q-K
13 A-P C-A W-C O-A L-A S-L U-O F-S E-L T-L J-E X-E U-W
23 O-J B-J Z-J X-B E-J C-J M-C W-E D-X R-D V-C S-E N-Z K-R Y-C Q-Y P-B A-Y G-B U-P F-X I-Z X-E
20 F-C P-C X-C U-F S-U O-S H-S A-H E-O L-H I-L W-S Z-I T-O N-Z D-O R-D V-X B-Z G-I
18 U-L S-U D-L P-D J-P C-J X-S F-C Z-F O-P I-C M-U A-S H-Z Q-F E-H N-X R-D
22 V-R M-V D-M C-D B-D O-R L-M J-O K-C F-J X-C E-R A-D Z-X S-Z H-C W-O I-C G-A Y-L N-V T-N
15 S-A O-A I-A C-A H-A N-A X-A J-I B-J T-J P-B L-J Q-N F-T K-Q
20 H-M T-M N-H J-M L-M Z-J A-Z W-Z B-M U-J P-Z G-H Q-N D-M F-H K-D Y-A R-G S-N L-A
7 S-P O-P V-P B-S I-B G-V N-O
8 R-D W-D N-R A-N E-W S-N O-E S-D
