https://raw.githubusercontent.com/wt5ljon/cpp_codeabbey/master/problem135.cpp
https://raw.githubusercontent.com/MuelitasVil/codeabbey/Ejercicio135/Dart/135%20Variable%20Length%20Code/muelasvill.dart
https://raw.githubusercontent.com/pastelito02/Challenges-sol/master/Programming/Codeabbey/135/faked_IQ.hs
https://raw.githubusercontent.com/pastelito02/Challenges-sol/master/Programming/Codeabbey/135/Michal_Jastrzab.java
https://raw.githubusercontent.com/pastelito02/Challenges-sol/master/Programming/Codeabbey/135/tomasloksa.jl
https://raw.githubusercontent.com/pastelito02/Challenges-sol/master/Programming/Codeabbey/135/andanarip.js
https://raw.githubusercontent.com/pastelito02/Challenges-sol/master/Programming/Codeabbey/135/bear-kruts.php
https://raw.githubusercontent.com/pastelito02/Challenges-sol/master/Programming/Codeabbey/135/maxhaa89.py
https://raw.githubusercontent.com/pastelito02/Challenges-sol/master/Programming/Codeabbey/135/tyler_will.rb
https://raw.githubusercontent.com/pastelito02/Challenges-sol/master/Programming/Codeabbey/135/litso_roman.rs
https://raw.githubusercontent.com/PaolaGiraldo/codeabbey_solutions/master/Typescript/135/problem_135.ts
https://raw.githubusercontent.com/JesseClarkND/codeabbey_in_C-NET/master/Variable%20Length%20Code
